Collecting torch
  Downloading torch-2.14.1-cp311-cp311-macosx_14_0_arm64.whl.metadata (38 kB)
Collecting numpy
  Using cached numpy-2.4.6-cp311-cp311-macosx_14_0_arm64.whl.metadata (6.6 kB)
Collecting scipy
  Downloading scipy-1.17.1-cp311-cp311-macosx_14_0_arm64.whl.metadata (62 kB)
Collecting matplotlib
  Downloading matplotlib-3.11.2-cp311-cp311-macosx_11_0_arm64.whl.metadata (80 kB)
Collecting filelock (from torch)
  Downloading filelock-4.0.12-py3-none-any.whl.metadata (2.0 kB)
Collecting typing-extensions>=4.10.0 (from torch)
  Using cached typing_extensions-4.16.0-py3-none-any.whl.metadata (3.3 kB)
Collecting setuptools>=77.0.3 (from torch)
  Using cached setuptools-84.0.0-py3-none-any.whl.metadata (6.6 kB)
Collecting sympy>=1.13.3 (from torch)
  Downloading sympy-1.14.0-py3-none-any.whl.metadata (12 kB)
Collecting networkx>=2.5.1 (from torch)
  Downloading networkx-3.6.1-py3-none-any.whl.metadata (6.8 kB)
Collecting jinja2 (from torch)
  Downloading jinja2-3.1.6-py3-none-any.whl.metadata (2.9 kB)
Collecting fsspec>=0.8.5 (from torch)
  Downloading fsspec-2026.9.0-py3-none-any.whl.metadata (10 kB)
Collecting contourpy>=1.0.1 (from matplotlib)
  Using cached contourpy-1.3.3-cp311-cp311-macosx_11_0_arm64.whl.metadata (5.5 kB)
Collecting cycler>=0.10 (from matplotlib)
  Using cached cycler-0.12.1-py3-none-any.whl.metadata (3.8 kB)
Collecting fonttools>=4.28.2 (from matplotlib)
  Downloading fonttools-4.66.1-cp311-cp311-macosx_10_9_universal2.whl.metadata (130 kB)
Collecting kiwisolver>=1.3.1 (from matplotlib)
  Using cached kiwisolver-1.5.1-cp311-cp311-macosx_11_0_arm64.whl.metadata (5.2 kB)
Collecting packaging>=20.0 (from matplotlib)
  Using cached packaging-26.3-py3-none-any.whl.metadata (3.5 kB)
Collecting pillow>=9 (from matplotlib)
  Using cached pillow-12.3.0-cp311-cp311-macosx_11_0_arm64.whl.metadata (9.1 kB)
Collecting pyparsing>=3 (from matplotlib)
  Downloading pyparsing-3.3.3-py3-none-any.whl.metadata (5.9 kB)
Collecting python-dateutil>=2.7 (from matplotlib)
  Using cached python_dateutil-2.9.0.post0-py2.py3-none-any.whl.metadata (8.4 kB)
Collecting six>=1.5 (from python-dateutil>=2.7->matplotlib)
  Using cached six-1.17.0-py2.py3-none-any.whl.metadata (1.7 kB)
Collecting mpmath<1.4,>=1.1.0 (from sympy>=1.13.3->torch)
  Downloading mpmath-1.3.0-py3-none-any.whl.metadata (8.6 kB)
Collecting MarkupSafe>=2.0 (from jinja2->torch)
  Downloading markupsafe-3.0.4-cp311-cp311-macosx_11_0_arm64.whl.metadata (2.7 kB)
Downloading torch-2.14.1-cp311-cp311-macosx_14_0_arm64.whl (127.3 MB)
   ━━━━━━━━━━━━━━━━━━━━━━━━━━━━━━━━━━━━━━━━ 127.3/127.3 MB 24.3 MB/s  0:00:05
Using cached numpy-2.4.6-cp311-cp311-macosx_14_0_arm64.whl (5.5 MB)
Downloading scipy-1.17.1-cp311-cp311-macosx_14_0_arm64.whl (20.3 MB)
   ━━━━━━━━━━━━━━━━━━━━━━━━━━━━━━━━━━━━━━━━ 20.3/20.3 MB 22.8 MB/s  0:00:00
Downloading matplotlib-3.11.2-cp311-cp311-macosx_11_0_arm64.whl (9.3 MB)
   ━━━━━━━━━━━━━━━━━━━━━━━━━━━━━━━━━━━━━━━━ 9.3/9.3 MB 12.2 MB/s  0:00:00
Using cached contourpy-1.3.3-cp311-cp311-macosx_11_0_arm64.whl (270 kB)
Using cached cycler-0.12.1-py3-none-any.whl (8.3 kB)
Downloading fonttools-4.66.1-cp311-cp311-macosx_10_9_universal2.whl (3.1 MB)
   ━━━━━━━━━━━━━━━━━━━━━━━━━━━━━━━━━━━━━━━━ 3.1/3.1 MB 25.7 MB/s  0:00:00
Downloading fsspec-2026.9.0-py3-none-any.whl (221 kB)
Using cached kiwisolver-1.5.1-cp311-cp311-macosx_11_0_arm64.whl (64 kB)
Downloading networkx-3.6.1-py3-none-any.whl (2.1 MB)
   ━━━━━━━━━━━━━━━━━━━━━━━━━━━━━━━━━━━━━━━━ 2.1/2.1 MB 24.4 MB/s  0:00:00
Using cached packaging-26.3-py3-none-any.whl (129 kB)
Using cached pillow-12.3.0-cp311-cp311-macosx_11_0_arm64.whl (4.8 MB)
Downloading pyparsing-3.3.3-py3-none-any.whl (126 kB)
Using cached python_dateutil-2.9.0.post0-py2.py3-none-any.whl (229 kB)
Using cached setuptools-84.0.0-py3-none-any.whl (818 kB)
Using cached six-1.17.0-py2.py3-none-any.whl (11 kB)
Downloading sympy-1.14.0-py3-none-any.whl (6.3 MB)
   ━━━━━━━━━━━━━━━━━━━━━━━━━━━━━━━━━━━━━━━━ 6.3/6.3 MB 27.6 MB/s  0:00:00
Downloading mpmath-1.3.0-py3-none-any.whl (536 kB)
   ━━━━━━━━━━━━━━━━━━━━━━━━━━━━━━━━━━━━━━━━ 536.2/536.2 kB 14.7 MB/s  0:00:00
Using cached typing_extensions-4.16.0-py3-none-any.whl (45 kB)
Downloading filelock-4.0.12-py3-none-any.whl (111 kB)
Downloading jinja2-3.1.6-py3-none-any.whl (134 kB)
Downloading markupsafe-3.0.4-cp311-cp311-macosx_11_0_arm64.whl (12 kB)
Installing collected packages: mpmath, typing-extensions, sympy, six, setuptools, pyparsing, pillow, packaging, numpy, networkx, MarkupSafe, kiwisolver, fsspec, fonttools, filelock, cycler, scipy, python-dateutil, jinja2, contourpy, torch, matplotlib
  Attempting uninstall: setuptools
    Found existing installation: setuptools 65.5.0
    Uninstalling setuptools-65.5.0:
      Successfully uninstalled setuptools-65.5.0

Successfully installed MarkupSafe-3.0.4 contourpy-1.3.3 cycler-0.12.1 filelock-4.0.12 fonttools-4.66.1 fsspec-2026.9.0 jinja2-3.1.6 kiwisolver-1.5.1 matplotlib-3.11.2 mpmath-1.3.0 networkx-3.6.1 numpy-2.4.6 packaging-26.3 pillow-12.3.0 pyparsing-3.3.3 python-dateutil-2.9.0.post0 scipy-1.17.1 setuptools-84.0.0 six-1.17.0 sympy-1.14.0 torch-2.14.1 typing-extensions-4.16.0
