test_configuration_cannot_expand_authorization_or_store_secrets (conformance.test_contracts.Contracts.test_configuration_cannot_expand_authorization_or_store_secrets) ... ok
test_configuration_precedence_and_origins (conformance.test_contracts.Contracts.test_configuration_precedence_and_origins) ... ok
test_immutable_artifact_cannot_be_replaced (conformance.test_contracts.Contracts.test_immutable_artifact_cannot_be_replaced) ... ok
test_json_reader_rejects_duplicate_and_nonfinite_values (conformance.test_contracts.Contracts.test_json_reader_rejects_duplicate_and_nonfinite_values) ... ok
test_numbers_are_finite_and_booleans_are_not_integers (conformance.test_contracts.Contracts.test_numbers_are_finite_and_booleans_are_not_integers) ... ok
test_records_are_closed_and_versioned (conformance.test_contracts.Contracts.test_records_are_closed_and_versioned) ... ok
test_references_detect_changes_and_confine_paths (conformance.test_contracts.Contracts.test_references_detect_changes_and_confine_paths) ... ok
test_required_context_survives_small_budget_and_missing_fields_fail (conformance.test_contracts.Contracts.test_required_context_survives_small_budget_and_missing_fields_fail) ... ok
test_schema_rejects_unknown_validation_keywords (conformance.test_contracts.Contracts.test_schema_rejects_unknown_validation_keywords) ... ok
test_symlinks_cannot_be_bundled_or_used_as_evidence (conformance.test_contracts.Contracts.test_symlinks_cannot_be_bundled_or_used_as_evidence) ... ok
test_costlier_alternative_is_rejected_and_preserved (conformance.test_improvement.Improvement.test_costlier_alternative_is_rejected_and_preserved) ... ok
test_environment_failure_is_unevaluated_not_rejected (conformance.test_improvement.Improvement.test_environment_failure_is_unevaluated_not_rejected) ... ok
test_a_contributor_can_add_and_check_one_module (conformance.test_modules.Modules.test_a_contributor_can_add_and_check_one_module) ... ok
test_all_module_contracts_and_portable_frontmatter (conformance.test_modules.Modules.test_all_module_contracts_and_portable_frontmatter) ... ok
test_alternative_requires_explicit_selection (conformance.test_modules.Modules.test_alternative_requires_explicit_selection) ... ok
test_dependency_cycle_and_missing_resources_fail (conformance.test_modules.Modules.test_dependency_cycle_and_missing_resources_fail) ... ok
test_incompatible_role_replacement_fails (conformance.test_modules.Modules.test_incompatible_role_replacement_fails) ... ok
test_missing_capability_does_not_drop_a_check (conformance.test_modules.Modules.test_missing_capability_does_not_drop_a_check) ... ok
test_recipe_rejects_incompatible_or_undeclared_handoffs (conformance.test_modules.Modules.test_recipe_rejects_incompatible_or_undeclared_handoffs) ... ok
test_retired_modules_cannot_enter_new_selection (conformance.test_modules.Modules.test_retired_modules_cannot_enter_new_selection) ... ok
test_alternative_recipe_and_adapters_complete_the_same_handoffs (conformance.test_research.Research.test_alternative_recipe_and_adapters_complete_the_same_handoffs) ... ok
test_analysis_does_not_overwrite_an_earlier_revision (conformance.test_research.Research.test_analysis_does_not_overwrite_an_earlier_revision) ... ok
test_budget_stops_before_an_extra_attempt (conformance.test_research.Research.test_budget_stops_before_an_extra_attempt) ... ok
test_complete_workflow_records_success_failure_and_interruption (conformance.test_research.Research.test_complete_workflow_records_success_failure_and_interruption) ... ok
test_confirmation_is_blocked_after_a_failed_pilot (conformance.test_research.Research.test_confirmation_is_blocked_after_a_failed_pilot) ... ok
test_controller_crash_is_retained_as_a_separate_attempt (conformance.test_research.Research.test_controller_crash_is_retained_as_a_separate_attempt) ... ok
test_frozen_scientific_code_cannot_change_during_resume (conformance.test_research.Research.test_frozen_scientific_code_cannot_change_during_resume) ... ok
test_missing_or_changed_success_outputs_are_not_silently_rerun (conformance.test_research.Research.test_missing_or_changed_success_outputs_are_not_silently_rerun) ... ok
test_pilot_and_confirmation_overlap_is_rejected (conformance.test_research.Research.test_pilot_and_confirmation_overlap_is_rejected) ... ok
test_raw_tampering_stales_dependent_claims (conformance.test_research.Research.test_raw_tampering_stales_dependent_claims) ... ok
test_reanalysis_and_relocation_preserve_results (conformance.test_research.Research.test_reanalysis_and_relocation_preserve_results) ... ok
test_repeated_failures_stop_automatically (conformance.test_research.Research.test_repeated_failures_stop_automatically) ... ok
test_resume_does_not_rerun_valid_successes (conformance.test_research.Research.test_resume_does_not_rerun_valid_successes) ... ok
test_review_is_not_reused_for_edited_manuscript (conformance.test_research.Research.test_review_is_not_reused_for_edited_manuscript) ... ok
test_adoption_requires_validation_and_a_campaign_boundary (conformance.test_versions.Versions.test_adoption_requires_validation_and_a_campaign_boundary) ... ok
test_campaign_start_dispatches_to_the_pinned_helper (conformance.test_versions.Versions.test_campaign_start_dispatches_to_the_pinned_helper) ... ok
test_central_edits_and_profiles_do_not_change_a_campaign (conformance.test_versions.Versions.test_central_edits_and_profiles_do_not_change_a_campaign) ... ok
test_existing_entrypoints_are_preserved_and_namespaced (conformance.test_versions.Versions.test_existing_entrypoints_are_preserved_and_namespaced) ... ok
test_export_is_closed_and_same_across_hosts (conformance.test_versions.Versions.test_export_is_closed_and_same_across_hosts) ... ok
test_generated_bundle_and_entrypoint_edits_block_updates (conformance.test_versions.Versions.test_generated_bundle_and_entrypoint_edits_block_updates) ... ok
test_interrupted_adoption_restores_the_preimage (conformance.test_versions.Versions.test_interrupted_adoption_restores_the_preimage) ... ok
test_interrupted_multi_file_migration_is_recoverable (conformance.test_versions.Versions.test_interrupted_multi_file_migration_is_recoverable) ... ok
test_local_variant_is_snapshotted_and_source_edits_are_detected (conformance.test_versions.Versions.test_local_variant_is_snapshotted_and_source_edits_are_detected) ... ok
test_plan_is_read_only_to_active_files_and_detects_late_changes (conformance.test_versions.Versions.test_plan_is_read_only_to_active_files_and_detects_late_changes) ... ok
test_resealed_lock_cannot_misidentify_module_or_release (conformance.test_versions.Versions.test_resealed_lock_cannot_misidentify_module_or_release) ... ok
test_rollback_preserves_unadopted_intent_edits (conformance.test_versions.Versions.test_rollback_preserves_unadopted_intent_edits) ... ok
test_scaffold_conflicts_and_post_migration_edits_are_preserved (conformance.test_versions.Versions.test_scaffold_conflicts_and_post_migration_edits_are_preserved) ... ok
test_scaffold_three_way_migration_and_inverse (conformance.test_versions.Versions.test_scaffold_three_way_migration_and_inverse) ... ok
test_update_retirement_historical_resume_and_full_rollback (conformance.test_versions.Versions.test_update_retirement_historical_resume_and_full_rollback) ... ok
test_per_attempt_timeout_is_a_failed_record (conformance.test_worker.Worker.test_per_attempt_timeout_is_a_failed_record) ... ok
test_worker_enforces_deadline_after_controller_is_killed (conformance.test_worker.Worker.test_worker_enforces_deadline_after_controller_is_killed) ... ok

----------------------------------------------------------------------
Ran 51 tests in 17.907s

OK
