test_cli_failure_is_json_and_does_not_create_a_missing_study (conformance.test_evidence_verification.EvidenceVerification.test_cli_failure_is_json_and_does_not_create_a_missing_study) ... ok
test_complete_toy_references_are_checked_without_writes_or_execution (conformance.test_evidence_verification.EvidenceVerification.test_complete_toy_references_are_checked_without_writes_or_execution) ... ok
test_explicit_limits_fail_without_reading_past_the_ceiling (conformance.test_evidence_verification.EvidenceVerification.test_explicit_limits_fail_without_reading_past_the_ceiling) ... ok
test_invalid_entry_members_do_not_hide_valid_sibling_failures (conformance.test_evidence_verification.EvidenceVerification.test_invalid_entry_members_do_not_hide_valid_sibling_failures) ... ok
test_invalid_json_records_and_empty_roots_fail_closed (conformance.test_evidence_verification.EvidenceVerification.test_invalid_json_records_and_empty_roots_fail_closed) ... ok
test_missing_changed_traversal_and_symlink_failures_are_collected (conformance.test_evidence_verification.EvidenceVerification.test_missing_changed_traversal_and_symlink_failures_are_collected) ... ok
test_nested_reference_lists_and_shared_references (conformance.test_evidence_verification.EvidenceVerification.test_nested_reference_lists_and_shared_references) ... ok
test_untyped_transport_metadata_is_not_a_declared_reference (conformance.test_evidence_verification.EvidenceVerification.test_untyped_transport_metadata_is_not_a_declared_reference) ... ok
test_cli_reports_json_and_nonzero_for_failed_prerequisites (conformance.test_diagnostics.Diagnostics.test_cli_reports_json_and_nonzero_for_failed_prerequisites) ... ok
test_excessively_nested_json_does_not_abort_other_checks (conformance.test_diagnostics.Diagnostics.test_excessively_nested_json_does_not_abort_other_checks) ... ok
test_incomplete_source_reports_independent_failures_and_remedies (conformance.test_diagnostics.Diagnostics.test_incomplete_source_reports_independent_failures_and_remedies) ... ok
test_malformed_documents_return_independent_cli_findings_without_writes (conformance.test_diagnostics.Diagnostics.test_malformed_documents_return_independent_cli_findings_without_writes) ... ok
test_missing_source_and_study_are_not_created (conformance.test_diagnostics.Diagnostics.test_missing_source_and_study_are_not_created) ... ok
test_native_inspection_never_runs_supplied_executable (conformance.test_diagnostics.Diagnostics.test_native_inspection_never_runs_supplied_executable) ... ok
test_offline_needs_neither_native_tools_nor_subprocesses (conformance.test_diagnostics.Diagnostics.test_offline_needs_neither_native_tools_nor_subprocesses) ... ok
test_study_checks_preserve_bytes_and_mtimes_even_on_failure (conformance.test_diagnostics.Diagnostics.test_study_checks_preserve_bytes_and_mtimes_even_on_failure) ... ok
test_configuration_cannot_expand_authorization_or_store_secrets (conformance.test_contracts.Contracts.test_configuration_cannot_expand_authorization_or_store_secrets) ... ok
test_configuration_precedence_and_origins (conformance.test_contracts.Contracts.test_configuration_precedence_and_origins) ... ok
test_immutable_artifact_cannot_be_replaced (conformance.test_contracts.Contracts.test_immutable_artifact_cannot_be_replaced) ... ok
test_json_reader_rejects_duplicate_and_nonfinite_values (conformance.test_contracts.Contracts.test_json_reader_rejects_duplicate_and_nonfinite_values) ... ok
test_numbers_are_finite_and_booleans_are_not_integers (conformance.test_contracts.Contracts.test_numbers_are_finite_and_booleans_are_not_integers) ... ok
test_records_are_closed_and_versioned (conformance.test_contracts.Contracts.test_records_are_closed_and_versioned) ... ok
test_references_detect_changes_and_confine_paths (conformance.test_contracts.Contracts.test_references_detect_changes_and_confine_paths) ... ok
test_required_context_survives_small_budget_and_missing_fields_fail (conformance.test_contracts.Contracts.test_required_context_survives_small_budget_and_missing_fields_fail) ... ok
test_schema_rejects_unknown_validation_keywords (conformance.test_contracts.Contracts.test_schema_rejects_unknown_validation_keywords) ... ok
test_symlinks_cannot_be_bundled_or_used_as_evidence (conformance.test_contracts.Contracts.test_symlinks_cannot_be_bundled_or_used_as_evidence) ... ok

----------------------------------------------------------------------
Ran 26 tests in 6.691s

OK
