
> build
> npm run sync && astro build && node scripts/check-links.mjs


> sync
> node scripts/sync-content.mjs

Included 344 packages with shipped notices in the site.
Synced 34 canonical pages, command help, and selected media.
22:27:45 [content] Syncing content
22:27:46 [content] Synced content
22:27:46 [types] Generated 355ms
22:27:46 [build] output: "static"
22:27:46 [build] mode: "static"
22:27:46 [build] directory: <checkout>/site/dist/
22:27:46 [build] Collecting build info...
22:27:46 [build] ✓ Completed in 486ms.
22:27:46 [build] Building static entrypoints...
22:27:46 [vite] ✓ built in 193ms
22:27:46 [vite] ✓ built in 31ms
22:27:46 [build] Rearranging server assets...

 generating static routes 
22:27:46 [WARN] [content] The collection "i18n" does not exist or is empty. Please check your content config file for errors.
22:27:46   ├─ /404.html22:27:46 [WARN] [content] Entry docs → 404 was not found.
 (+8ms) 
22:27:46   ├─ /contributing/index.html (+3ms) 
22:27:46   ├─ /contributing/modules/index.html (+3ms) 
22:27:46   ├─ /contributing/starter-tasks/index.html (+2ms) 
22:27:46   ├─ /contributing/workflow/index.html (+2ms) 
22:27:46   ├─ /demo/index.html (+3ms) 
22:27:46   ├─ /demo/transcript/index.html (+1ms) 
22:27:46   ├─ /evidence/acceptance/index.html (+2ms) 
22:27:46   ├─ /evidence/comparison/index.html (+2ms) 
22:27:46   ├─ /evidence/hosts/index.html (+1ms) 
22:27:46   ├─ /evidence/implementation/index.html (+1ms) 
22:27:46   ├─ /explore/index.html (+3ms) 
22:27:46   ├─ /guides/artifacts/index.html (+1ms) 
22:27:46   ├─ /guides/first-study/index.html (+1ms) 
22:27:46   ├─ /guides/native-study/index.html (+1ms) 
22:27:46   ├─ /guides/reproduce/index.html (+1ms) 
22:27:46   ├─ /guides/resources/index.html (+1ms) 
22:27:46   ├─ /guides/troubleshooting/index.html (+1ms) 
22:27:46   ├─ /guides/versioning/index.html (+1ms) 
22:27:46   ├─ /guides/workspaces/index.html (+1ms) 
22:27:46   ├─ /index.html (+2ms) 
22:27:46   ├─ /project/conduct/index.html (+1ms) 
22:27:46   ├─ /project/governance/index.html (+1ms) 
22:27:46   ├─ /project/licenses/index.html (+2ms) 
22:27:46   ├─ /project/roadmap/index.html (+1ms) 
22:27:46   ├─ /project/security/index.html (+1ms) 
22:27:46   ├─ /project/support/index.html (+1ms) 
22:27:46   ├─ /reference/architecture/index.html (+1ms) 
22:27:46   ├─ /reference/cli/index.html (+1ms) 
22:27:46   ├─ /reference/commands/index.html (+1ms) 
22:27:46   ├─ /reference/concepts/index.html (+1ms) 
22:27:46   ├─ /reference/contracts/index.html (+1ms) 
22:27:46   ├─ /reference/study-programs/index.html (+1ms) 
22:27:46   ├─ /releases/0.3.0rc2/index.html (+1ms) 
22:27:46   ├─ /studies/index.html (+1ms) 
22:27:46   ├─ /studies/core-culp/index.html (+2ms) 
22:27:46   ├─ /studies/ema-schedule/index.html (+1ms) 
22:27:46   ├─ /studies/modular-addition/index.html (+1ms) 
22:27:46   ├─ /studies/toy/index.html (+1ms) 
22:27:46 ✓ Completed in 86ms.

22:27:46 [build] ✓ Completed in 326ms.
22:27:46 [starlight:pagefind] Building search index with Pagefind...
22:27:46 [starlight:pagefind] Found 39 HTML files.
22:27:46 [starlight:pagefind] Finished building search index in 76ms.
22:27:46 [@astrojs/sitemap] `sitemap-index.xml` created at `dist`
22:27:46 [build] 39 page(s) built in 905ms
22:27:46 [build] Complete!
{
  "pages": 39,
  "local_links": 2437,
  "errors": []
}
