
> build
> npm run sync && astro build && node scripts/check-links.mjs


> sync
> node scripts/sync-content.mjs

Synced 33 canonical pages, command help, and selected media.
19:21:36 [content] Syncing content
19:21:36 [content] Synced content
19:21:36 [types] Generated 280ms
19:21:36 [build] output: "static"
19:21:36 [build] mode: "static"
19:21:36 [build] directory: /Users/iyunseong/maangeek/allagma/site/dist/
19:21:36 [build] Collecting build info...
19:21:36 [build] ✓ Completed in 403ms.
19:21:36 [build] Building static entrypoints...
19:21:36 [vite] ✓ built in 141ms
19:21:36 [vite] ✓ built in 30ms
19:21:36 [build] Rearranging server assets...

 generating static routes 
19:21:36 [WARN] [content] The collection "i18n" does not exist or is empty. Please check your content config file for errors.
19:21:36   ├─ /404.html19:21:36 [WARN] [content] Entry docs → 404 was not found.
 (+12ms) 
19:21:36   ├─ /contributing/index.html (+4ms) 
19:21:36   ├─ /contributing/modules/index.html (+2ms) 
19:21:36   ├─ /contributing/starter-tasks/index.html (+2ms) 
19:21:36   ├─ /demo/index.html (+4ms) 
19:21:36   ├─ /demo/transcript/index.html (+2ms) 
19:21:36   ├─ /evidence/acceptance/index.html (+2ms) 
19:21:36   ├─ /evidence/comparison/index.html (+2ms) 
19:21:36   ├─ /evidence/hosts/index.html (+3ms) 
19:21:36   ├─ /evidence/implementation/index.html (+2ms) 
19:21:36   ├─ /explore/index.html (+4ms) 
19:21:36   ├─ /guides/artifacts/index.html (+1ms) 
19:21:36   ├─ /guides/first-study/index.html (+1ms) 
19:21:36   ├─ /guides/native-study/index.html (+1ms) 
19:21:36   ├─ /guides/reproduce/index.html (+1ms) 
19:21:36   ├─ /guides/resources/index.html (+1ms) 
19:21:36   ├─ /guides/troubleshooting/index.html (+1ms) 
19:21:36   ├─ /guides/versioning/index.html (+1ms) 
19:21:36   ├─ /guides/workspaces/index.html (+1ms) 
19:21:36   ├─ /index.html (+2ms) 
19:21:36   ├─ /project/conduct/index.html (+1ms) 
19:21:36   ├─ /project/governance/index.html (+1ms) 
19:21:36   ├─ /project/licenses/index.html (+2ms) 
19:21:36   ├─ /project/roadmap/index.html (+1ms) 
19:21:36   ├─ /project/security/index.html (+1ms) 
19:21:36   ├─ /project/support/index.html (+1ms) 
19:21:36   ├─ /reference/architecture/index.html (+1ms) 
19:21:36   ├─ /reference/cli/index.html (+1ms) 
19:21:36   ├─ /reference/commands/index.html (+1ms) 
19:21:36   ├─ /reference/concepts/index.html (+1ms) 
19:21:36   ├─ /reference/contracts/index.html (+1ms) 
19:21:36   ├─ /reference/study-programs/index.html (+1ms) 
19:21:36   ├─ /releases/0.3.0rc2/index.html (+1ms) 
19:21:36   ├─ /studies/index.html (+1ms) 
19:21:36   ├─ /studies/core-culp/index.html (+2ms) 
19:21:36   ├─ /studies/ema-schedule/index.html (+1ms) 
19:21:36   ├─ /studies/modular-addition/index.html (+1ms) 
19:21:36   ├─ /studies/toy/index.html (+1ms) 
19:21:36 ✓ Completed in 93ms.

19:21:36 [build] ✓ Completed in 280ms.
19:21:36 [starlight:pagefind] Building search index with Pagefind...
19:21:36 [starlight:pagefind] Found 38 HTML files.
19:21:36 [starlight:pagefind] Finished building search index in 46ms.
19:21:36 [@astrojs/sitemap] `sitemap-index.xml` created at `dist`
19:21:36 [build] 38 page(s) built in 743ms
19:21:36 [build] Complete!
{
  "pages": 38,
  "local_links": 2127,
  "errors": []
}
