test_archive_copy_refuses_existing_targets (conformance.test_papers.PaperTests.test_archive_copy_refuses_existing_targets) ... ok
test_corrupt_evidence_missing_citations_and_unlocated_claims_fail (conformance.test_papers.PaperTests.test_corrupt_evidence_missing_citations_and_unlocated_claims_fail) ... ok
test_evidence_identifiers_cannot_address_generated_ancillary_files (conformance.test_papers.PaperTests.test_evidence_identifiers_cannot_address_generated_ancillary_files) ... ok
test_missing_sections_review_and_external_input_fail (conformance.test_papers.PaperTests.test_missing_sections_review_and_external_input_fail) ... ok
test_numeric_formatting_cannot_silently_truncate_or_use_missing_values (conformance.test_papers.PaperTests.test_numeric_formatting_cannot_silently_truncate_or_use_missing_values) ... ok
test_prose_changes_invalidate_both_retained_reviews (conformance.test_papers.PaperTests.test_prose_changes_invalidate_both_retained_reviews) ... ok
test_provided_only_paper_without_external_citations_retains_an_honest_reference_section (conformance.test_papers.PaperTests.test_provided_only_paper_without_external_citations_retains_an_honest_reference_section) ... ok
test_reading_notes_cannot_replace_packaged_entrypoint_or_provenance (conformance.test_papers.PaperTests.test_reading_notes_cannot_replace_packaged_entrypoint_or_provenance) ... ok
test_report_default_never_requires_authors_references_or_tex (conformance.test_papers.PaperTests.test_report_default_never_requires_authors_references_or_tex) ... ok
test_researcher_configures_authors_without_repository_identity_fallback (conformance.test_papers.PaperTests.test_researcher_configures_authors_without_repository_identity_fallback) ... ok
test_section_roles_are_bound_to_both_reviews (conformance.test_papers.PaperTests.test_section_roles_are_bound_to_both_reviews) ... ok
test_short_tables_stay_together_and_pdf_attribution_is_configured (conformance.test_papers.PaperTests.test_short_tables_stay_together_and_pdf_attribution_is_configured) ... ok
test_source_archive_contains_declared_sources_and_no_cache_or_build_outputs (conformance.test_papers.PaperTests.test_source_archive_contains_declared_sources_and_no_cache_or_build_outputs) ... ok
test_values_tables_claims_and_citations_resolve_to_retained_evidence (conformance.test_papers.PaperTests.test_values_tables_claims_and_citations_resolve_to_retained_evidence) ... ok
test_bibliographic_accuracy_does_not_imply_claim_support (conformance.test_references.ReferenceTests.test_bibliographic_accuracy_does_not_imply_claim_support) ... ok
test_deduplication_preserves_key_and_rejects_conflicting_metadata (conformance.test_references.ReferenceTests.test_deduplication_preserves_key_and_rejects_conflicting_metadata) ... ok
test_identifiers_normalize_doi_and_arxiv_versions (conformance.test_references.ReferenceTests.test_identifiers_normalize_doi_and_arxiv_versions) ... ok
test_new_studies_include_reference_index_without_changing_report_defaults (conformance.test_references.ReferenceTests.test_new_studies_include_reference_index_without_changing_report_defaults) ... ok
test_offline_empty_map_is_honest_and_has_no_invented_bibliography (conformance.test_references.ReferenceTests.test_offline_empty_map_is_honest_and_has_no_invented_bibliography) ... ok
test_passage_to_asset_and_phase_decision_links (conformance.test_references.ReferenceTests.test_passage_to_asset_and_phase_decision_links) ... ok
test_raw_cache_inside_distributable_source_cannot_enter_a_bundle (conformance.test_references.ReferenceTests.test_raw_cache_inside_distributable_source_cannot_enter_a_bundle) ... ok
test_same_title_with_different_authors_is_not_silently_conflated (conformance.test_references.ReferenceTests.test_same_title_with_different_authors_is_not_silently_conflated) ... ok
test_snapshot_contains_selected_notes_and_detects_changes (conformance.test_references.ReferenceTests.test_snapshot_contains_selected_notes_and_detects_changes) ... ok
test_sources_cannot_leak_credentials_or_escape_notes_directory (conformance.test_references.ReferenceTests.test_sources_cannot_leak_credentials_or_escape_notes_directory) ... ok

----------------------------------------------------------------------
Ran 24 tests in 0.524s

OK
