test_adopted_limit_expansion_requires_bound_researcher_decision (conformance.test_reference_assets.AssetTests.test_adopted_limit_expansion_requires_bound_researcher_decision) ... ok
test_corruption_is_detected_preserved_and_repaired_with_new_attempt (conformance.test_reference_assets.AssetTests.test_corruption_is_detected_preserved_and_repaired_with_new_attempt) ... ok
test_elapsed_asset_deadline_interrupts_a_stalled_response (conformance.test_reference_assets.AssetTests.test_elapsed_asset_deadline_interrupts_a_stalled_response) ... ok
test_every_asset_kind_uses_pinned_bytes_and_offline_restart_reuse (conformance.test_reference_assets.AssetTests.test_every_asset_kind_uses_pinned_bytes_and_offline_restart_reuse) ... ok
test_extracted_tree_is_verified_on_reuse (conformance.test_reference_assets.AssetTests.test_extracted_tree_is_verified_on_reuse) ... ok
test_extraction_manifests_cannot_overrun_the_total_cache_limit (conformance.test_reference_assets.AssetTests.test_extraction_manifests_cannot_overrun_the_total_cache_limit) ... ok
test_failed_or_interrupted_materialization_preserves_its_charge_and_terminal_status (conformance.test_reference_assets.AssetTests.test_failed_or_interrupted_materialization_preserves_its_charge_and_terminal_status) ... ok
test_gated_and_unavailable_assets_are_explicit_without_automatic_acceptance (conformance.test_reference_assets.AssetTests.test_gated_and_unavailable_assets_are_explicit_without_automatic_acceptance) ... ok
test_info_exclude_preserves_entries_and_supports_linked_worktrees (conformance.test_reference_assets.AssetTests.test_info_exclude_preserves_entries_and_supports_linked_worktrees) ... ok
test_interrupted_extraction_reuses_verified_download_offline (conformance.test_reference_assets.AssetTests.test_interrupted_extraction_reuses_verified_download_offline) ... ok
test_interrupted_http_resumes_after_restart_and_charges_repeated_bytes (conformance.test_reference_assets.AssetTests.test_interrupted_http_resumes_after_restart_and_charges_repeated_bytes) ... ok
test_pdf_endpoint_cannot_pass_as_an_html_login_page (conformance.test_reference_assets.AssetTests.test_pdf_endpoint_cannot_pass_as_an_html_login_page) ... ok
test_per_asset_transfer_storage_and_free_space_budgets_are_enforced (conformance.test_reference_assets.AssetTests.test_per_asset_transfer_storage_and_free_space_budgets_are_enforced) ... ok
test_policy_transaction_admits_history_and_atomic_replacement_together (conformance.test_reference_assets.AssetTests.test_policy_transaction_admits_history_and_atomic_replacement_together) ... ok
test_policy_transaction_refuses_free_space_and_invalid_contraction_without_writes (conformance.test_reference_assets.AssetTests.test_policy_transaction_refuses_free_space_and_invalid_contraction_without_writes) ... ok
test_preparation_copies_only_execution_assets_and_protects_them (conformance.test_reference_assets.AssetTests.test_preparation_copies_only_execution_assets_and_protects_them) ... ok
test_repeated_policy_adoption_cannot_exceed_cache_capacity (conformance.test_reference_assets.AssetTests.test_repeated_policy_adoption_cannot_exceed_cache_capacity) ... ok
test_shared_digest_reuses_one_object_across_studies_and_urls (conformance.test_reference_assets.AssetTests.test_shared_digest_reuses_one_object_across_studies_and_urls) ... ok
test_study_and_total_cache_caps_count_actual_retained_bytes (conformance.test_reference_assets.AssetTests.test_study_and_total_cache_caps_count_actual_retained_bytes) ... ok
test_tar_and_zip_extraction_reject_escape_links_and_expansion_bombs (conformance.test_reference_assets.AssetTests.test_tar_and_zip_extraction_reject_escape_links_and_expansion_bombs) ... ok
test_tracked_cache_is_rejected (conformance.test_reference_assets.AssetTests.test_tracked_cache_is_rejected) ... ok

----------------------------------------------------------------------
Ran 21 tests in 4.393s

OK
