test_admission_counts_working_dossier_only_when_workflow_is_installed (conformance.test_research_prepare.ResearchPreparationTests.test_admission_counts_working_dossier_only_when_workflow_is_installed) ... ok
test_baseline_has_identical_materials_but_no_methods (conformance.test_research_prepare.ResearchPreparationTests.test_baseline_has_identical_materials_but_no_methods) ... ok
test_both_admitted_dossier_copies_match_within_the_ceiling (conformance.test_research_prepare.ResearchPreparationTests.test_both_admitted_dossier_copies_match_within_the_ceiling) ... ok
test_brief_materials_limits_and_portable_lock_are_retained (conformance.test_research_prepare.ResearchPreparationTests.test_brief_materials_limits_and_portable_lock_are_retained) ... ok
test_dossier_growth_after_admission_cannot_exceed_the_copy_plan (conformance.test_research_prepare.ResearchPreparationTests.test_dossier_growth_after_admission_cannot_exceed_the_copy_plan) ... ok
test_material_links_and_nested_output_are_rejected_before_mutation (conformance.test_research_prepare.ResearchPreparationTests.test_material_links_and_nested_output_are_rejected_before_mutation) ... ok
test_oversized_reference_dossier_is_refused_before_workspace_creation (conformance.test_research_prepare.ResearchPreparationTests.test_oversized_reference_dossier_is_refused_before_workspace_creation) ... ok
test_reprepare_preserves_existing_workspace (conformance.test_research_prepare.ResearchPreparationTests.test_reprepare_preserves_existing_workspace) ... ok
test_unbounded_or_insufficient_resource_policy_is_rejected (conformance.test_research_prepare.ResearchPreparationTests.test_unbounded_or_insufficient_resource_policy_is_rejected) ... ok
test_bibliographic_accuracy_does_not_imply_claim_support (conformance.test_references.ReferenceTests.test_bibliographic_accuracy_does_not_imply_claim_support) ... ok
test_deduplication_preserves_key_and_rejects_conflicting_metadata (conformance.test_references.ReferenceTests.test_deduplication_preserves_key_and_rejects_conflicting_metadata) ... ok
test_identifiers_normalize_doi_and_arxiv_versions (conformance.test_references.ReferenceTests.test_identifiers_normalize_doi_and_arxiv_versions) ... ok
test_new_studies_include_reference_index_without_changing_report_defaults (conformance.test_references.ReferenceTests.test_new_studies_include_reference_index_without_changing_report_defaults) ... ok
test_offline_empty_map_is_honest_and_has_no_invented_bibliography (conformance.test_references.ReferenceTests.test_offline_empty_map_is_honest_and_has_no_invented_bibliography) ... ok
test_passage_to_asset_and_phase_decision_links (conformance.test_references.ReferenceTests.test_passage_to_asset_and_phase_decision_links) ... ok
test_raw_cache_inside_distributable_source_cannot_enter_a_bundle (conformance.test_references.ReferenceTests.test_raw_cache_inside_distributable_source_cannot_enter_a_bundle) ... ok
test_same_title_with_different_authors_is_not_silently_conflated (conformance.test_references.ReferenceTests.test_same_title_with_different_authors_is_not_silently_conflated) ... ok
test_snapshot_admission_counts_receipt_and_rejects_changed_planned_bytes (conformance.test_references.ReferenceTests.test_snapshot_admission_counts_receipt_and_rejects_changed_planned_bytes) ... ok
test_snapshot_contains_selected_notes_and_detects_changes (conformance.test_references.ReferenceTests.test_snapshot_contains_selected_notes_and_detects_changes) ... ok
test_sources_cannot_leak_credentials_or_escape_notes_directory (conformance.test_references.ReferenceTests.test_sources_cannot_leak_credentials_or_escape_notes_directory) ... ok

----------------------------------------------------------------------
Ran 20 tests in 0.497s

OK
